// Jest Snapshot v1, https://goo.gl/fbAQLP

exports[`QueryEditor renders correctly 1`] = `
Array [
  <div
    className="gf-form-inline"
  >
    <div
      className="gf-form"
    >
      <span
        className="gf-form-label width-9 query-keyword"
      >
        Project
      </span>
      <div>
        <div
          className="gf-form-input gf-form-input--form-dropdown width-15 css-at6rp9-SelectContainer"
          onKeyDown={[Function]}
        >
          <div
            className="gf-form-select-box__control css-ia584n-Control"
            onMouseDown={[Function]}
            onTouchEnd={[Function]}
          >
            <div
              className="gf-form-select-box__value-container css-1q9zhbr-ValueContainer"
            >
              <div
                className="gf-form-select-box__placeholder css-d8h0m4-Placeholder"
              >
                Select Project
              </div>
              <div
                className="css-zz0hea-Input"
              >
                <div
                  className="gf-form-select-box__input"
                  style={
                    Object {
                      "display": "inline-block",
                    }
                  }
                >
                  <input
                    aria-autocomplete="list"
                    autoCapitalize="none"
                    autoComplete="off"
                    autoCorrect="off"
                    disabled={false}
                    id="react-select-2-input"
                    onBlur={[Function]}
                    onChange={[Function]}
                    onFocus={[Function]}
                    spellCheck="false"
                    style={
                      Object {
                        "background": 0,
                        "border": 0,
                        "boxSizing": "content-box",
                        "color": "inherit",
                        "fontSize": "inherit",
                        "label": "input",
                        "opacity": 1,
                        "outline": 0,
                        "padding": 0,
                        "width": "1px",
                      }
                    }
                    tabIndex="0"
                    type="text"
                    value=""
                  />
                  <div
                    style={
                      Object {
                        "height": 0,
                        "left": 0,
                        "overflow": "scroll",
                        "position": "absolute",
                        "top": 0,
                        "visibility": "hidden",
                        "whiteSpace": "pre",
                      }
                    }
                  >
                    
                  </div>
                </div>
              </div>
            </div>
            <div
              className="gf-form-select-box__indicators css-q46mcr-IndicatorsContainer"
            >
              <span
                className="gf-form-select-box__select-arrow "
              />
            </div>
          </div>
        </div>
      </div>
    </div>
    <div
      className="gf-form gf-form--grow"
    >
      <div
        className="gf-form-label gf-form-label--grow"
      />
    </div>
  </div>,
  <div
    className="gf-form-inline"
  >
    <span
      className="gf-form-label width-9 query-keyword"
    >
      Service
    </span>
    <div
      className="gf-form"
      onClick={[Function]}
    >
      <a
        className="gf-form-label query-part query-placeholder"
      >
        Select Services
      </a>
    </div>
    <div
      className="gf-form gf-form--grow"
    >
      <div
        className="gf-form-label gf-form-label--grow"
      />
    </div>
  </div>,
  <div
    className="gf-form-inline"
  >
    <span
      className="gf-form-label width-9 query-keyword"
    >
      Metric
    </span>
    <div
      className="gf-form"
      onClick={[Function]}
    >
      <a
        className="gf-form-label query-part query-placeholder query-part"
      >
        Select Metric
      </a>
    </div>
    <div
      className="gf-form gf-form--grow"
    >
      <div
        className="gf-form-label gf-form-label--grow"
      />
    </div>
  </div>,
  <div
    className="gf-form-inline"
  >
    <label
      className="gf-form-label query-keyword width-9"
    >
      Filter
    </label>
    <div
      className="gf-form"
      onClick={[Function]}
    >
      <a
        className="gf-form-label query-part"
      >
        <i
          className="fa fa-plus"
        />
      </a>
    </div>
    <div
      className="gf-form gf-form--grow"
    >
      <label
        className="gf-form-label gf-form-label--grow"
      />
    </div>
  </div>,
  <div
    className="gf-form-inline"
  >
    <label
      className="gf-form-label query-keyword width-9"
    >
      Group By
    </label>
    <div
      className="gf-form gf-form--grow"
    >
      <label
        className="gf-form-label gf-form-label--grow"
      />
    </div>
  </div>,
  <div
    className="gf-form-inline"
  >
    <label
      className="gf-form-label query-keyword width-9"
    >
      Aggregation
    </label>
    <div
      className="gf-form"
      onClick={[Function]}
    >
      <a
        className="gf-form-label query-part query-placeholder"
      >
        Select Reducer
      </a>
    </div>
    <div
      className="gf-form gf-form--grow"
    >
      <label
        className="gf-form-label gf-form-label--grow"
      >
        <a
          onClick={[Function]}
        >
          <i
            className="fa fa-caret-right"
          />
           Advanced Options
        </a>
      </label>
    </div>
  </div>,
  <div
    className="gf-form-inline"
  >
    <label
      className="gf-form-label query-keyword width-9"
    >
      Alignment Period
    </label>
    <div
      className="gf-form"
      onClick={[Function]}
    >
      <a
        className="gf-form-label query-part"
      >
        stackdriver auto
      </a>
    </div>
    <div
      className="gf-form gf-form--grow"
    >
      
    </div>
  </div>,
  <div
    className="gf-form-inline"
  >
    <div
      className="gf-form"
    >
      <label
        className="gf-form-label query-keyword width-9"
      >
        Alias By
      </label>
      <div
        style={
          Object {
            "flexGrow": 1,
          }
        }
      >
        <input
          className="gf-form-input gf-form-input width-24"
          onChange={[Function]}
          type="text"
          value=""
        />
      </div>
    </div>
    <div
      className="gf-form gf-form--grow"
    >
      <div
        className="gf-form-label gf-form-label--grow"
      />
    </div>
  </div>,
  <div
    className="gf-form-inline"
  >
    <div
      className="gf-form"
      onClick={[Function]}
    >
      <label
        className="gf-form-label query-keyword pointer"
      >
        Show Help 
        <i
          className="fa fa-caret-right"
        />
      </label>
    </div>
    
    <div
      className="gf-form gf-form--grow"
    >
      <div
        className="gf-form-label gf-form-label--grow"
      />
    </div>
  </div>,
  "",
  "",
]
`;
